// Jest Snapshot v1, https://goo.gl/fbAQLP

exports[`withFocusCard is rendered correctly 1`] = `<div />`;
