// Jest Snapshot v1, https://goo.gl/fbAQLP

exports[`Snapshot <PlacesSorting/> Render <PlacesSorting/> 1`] = `
<form
  action="#"
  className="places__sorting"
  method="get"
>
  <span
    className="places__sorting-caption"
  >
    Sort by 
  </span>
  <div />
</form>
`;
