// Jest Snapshot v1, https://goo.gl/fbAQLP

exports[`Snapshot of <Main/> Render <Main/> with offers=[] 1`] = `null`;
