// Jest Snapshot v1, https://goo.gl/fbAQLP

exports[`check render MapCity 1`] = `<div />`;
