// Jest Snapshot v1, https://goo.gl/fbAQLP

exports[`Render HOC <withForm/> 1`] = `<div />`;
