// Jest Snapshot v1, https://goo.gl/fbAQLP

exports[`Render withActiveItem correctly 1`] = `<div />`;
